Mon Jun 22 13:27:24 JST 2026: scribeサーバーを起動します。
Mon Jun 22 13:28:15 JST 2026: scribeは既に起動中です。ブラウザのみ開きます。
Mon Jun 22 16:18:45 JST 2026: scribeは既に起動中です。ブラウザのみ開きます。
Tue Jun 23 08:30:44 JST 2026: scribeは既に起動中です。ブラウザのみ開きます。
Tue Jun 23 09:26:13 JST 2026: scribeは既に起動中です。ブラウザのみ開きます。
Tue Jun 23 12:00:34 JST 2026: scribeサーバーを起動します。
Wed Jun 24 12:33:15 JST 2026: scribeサーバーを起動します。
----------------------------------------
Exception occurred during processing of request from ('127.0.0.1', 51140)
Traceback (most recent call last):
  File "/Library/Developer/CommandLineTools/Library/Frameworks/Python3.framework/Versions/3.9/lib/python3.9/socketserver.py", line 316, in _handle_request_noblock
    self.process_request(request, client_address)
  File "/Library/Developer/CommandLineTools/Library/Frameworks/Python3.framework/Versions/3.9/lib/python3.9/socketserver.py", line 347, in process_request
    self.finish_request(request, client_address)
  File "/Library/Developer/CommandLineTools/Library/Frameworks/Python3.framework/Versions/3.9/lib/python3.9/socketserver.py", line 360, in finish_request
    self.RequestHandlerClass(request, client_address, self)
  File "/Library/Developer/CommandLineTools/Library/Frameworks/Python3.framework/Versions/3.9/lib/python3.9/socketserver.py", line 747, in __init__
    self.handle()
  File "/Library/Developer/CommandLineTools/Library/Frameworks/Python3.framework/Versions/3.9/lib/python3.9/http/server.py", line 434, in handle
    self.handle_one_request()
  File "/Library/Developer/CommandLineTools/Library/Frameworks/Python3.framework/Versions/3.9/lib/python3.9/http/server.py", line 422, in handle_one_request
    method()
  File "/Users/andy/quartz/scripts/scribe_server.py", line 228, in do_GET
    self._serve_image()
  File "/Users/andy/quartz/scripts/scribe_server.py", line 259, in _serve_image
    self.wfile.write(body)
  File "/Library/Developer/CommandLineTools/Library/Frameworks/Python3.framework/Versions/3.9/lib/python3.9/socketserver.py", line 826, in write
    self._sock.sendall(b)
ConnectionResetError: [Errno 54] Connection reset by peer
----------------------------------------
Wed Jun 24 13:33:59 JST 2026: scribeは既に起動中です。ブラウザのみ開きます。
Wed Jun 24 22:46:58 JST 2026: scribeは既に起動中です。ブラウザのみ開きます。
Thu Jun 25 15:19:41 JST 2026: scribeは既に起動中です。ブラウザのみ開きます。
Fri Jun 26 06:08:11 JST 2026: scribeは既に起動中です。ブラウザのみ開きます。
Fri Jun 26 13:01:47 JST 2026: scribeは既に起動中です。ブラウザのみ開きます。
Mon Jun 29 11:40:39 JST 2026: scribeは既に起動中です。ブラウザのみ開きます。
Mon Jun 29 22:16:24 JST 2026: scribeは既に起動中です。ブラウザのみ開きます。
Tue Jun 30 11:57:23 JST 2026: scribeサーバーを起動します。
Tue Jun 30 12:02:39 JST 2026: scribeサーバーを起動します。
Tue Jun 30 12:03:30 JST 2026: scribeは既に起動中です。ブラウザのみ開きます。
Tue Jun 30 12:14:23 JST 2026: scribeは既に起動中です。ブラウザのみ開きます。
Tue Jun 30 12:15:21 JST 2026: scribeサーバーを起動します。
Tue Jun 30 12:29:48 JST 2026: scribeは既に起動中です。ブラウザのみ開きます。
Tue Jun 30 12:29:56 JST 2026: scribeは既に起動中です。ブラウザのみ開きます。
Tue Jun 30 12:34:06 JST 2026: scribeは既に起動中です。ブラウザのみ開きます。
Tue Jun 30 12:55:18 JST 2026: scribeは既に起動中です。ブラウザのみ開きます。
Tue Jun 30 13:24:51 JST 2026: scribeは既に起動中です。ブラウザのみ開きます。
